===== 2026-09-08 16:57:03 開始 =====
Traceback (most recent call last):
  File "/Users/norman/PhotoProject/攝影棚分析/watch/fetch_photos.py", line 105, in <module>
    main()
  File "/Users/norman/PhotoProject/攝影棚分析/watch/fetch_photos.py", line 66, in main
    rows = [r for r in c.execute(q).fetchall() if not any(h in r["url"] for h in SKIP_HOSTS)]
sqlite3.OperationalError: no such column: p.local_path
Traceback (most recent call last):
  File "/Users/norman/PhotoProject/攝影棚分析/watch/build_site.py", line 21, in <module>
    for x in c.execute("SELECT studio_id,url,local_path FROM photos ORDER BY id").fetchall():
sqlite3.OperationalError: no such column: local_path
studios.jsonl: 94 筆
rooms.jsonl: 363 筆
changes.jsonl: 3 筆
feed_seen.jsonl: 9 筆
tags.jsonl: 43 筆
To github-personal:normantaipei/tw-studio-index.git
   ba275b4..f16b379  main -> main
push 成功
===== 結束 =====
===== 2026-09-08 16:59:25 開始 =====
要處理 120 張…
  [1/120] Miruna攝影棚 → img/Miruna攝影棚/b4e8cebf40f3.webp (39KB)
  [2/120] Miruna攝影棚 → img/Miruna攝影棚/80cf5f494416.webp (38KB)
  [3/120] Miruna攝影棚 → img/Miruna攝影棚/f4b965a7d1fd.webp (60KB)
  [4/120] ✗ Studio AZURE：HTTP Error 404: Not Found
  [5/120] ✗ Studio AZURE：HTTP Error 404: Not Found
  [6/120] ✗ Studio AZURE：HTTP Error 404: Not Found
  [7/120] 斗室 → img/斗室/e50212bc9dd3.webp (23KB)
  [8/120] 斗室 → img/斗室/99bdc7adc488.webp (13KB)
  [9/120] 斗室 → img/斗室/637380889d19.webp (18KB)
  [10/120] Blanc studio → img/Blanc-studio/ed64eaa7c68b.webp (10KB)
  [11/120] Blanc studio → img/Blanc-studio/5497f3efd4ac.webp (9KB)
  [12/120] Blanc studio → img/Blanc-studio/a12650a99aa9.webp (51KB)
  [13/120] 郭阿姨攝影棚 → img/郭阿姨攝影棚/f4077e667a47.webp (42KB)
  [14/120] 郭阿姨攝影棚 → img/郭阿姨攝影棚/a8c8f7a84446.webp (42KB)
  [15/120] 郭阿姨攝影棚 → img/郭阿姨攝影棚/f1c213116618.webp (50KB)
  [16/120] Studio Ethereal 實景攝影棚 → img/Studio-Ethereal-實景攝影棚/aaade8ac50af.webp (34KB)
  [17/120] Studio Ethereal 實景攝影棚 → img/Studio-Ethereal-實景攝影棚/bc306dea79d7.webp (44KB)
  [18/120] Studio Ethereal 實景攝影棚 → img/Studio-Ethereal-實景攝影棚/c708de2a32aa.webp (22KB)
  [19/120] 拾光入夢 台北攝影棚 → img/拾光入夢-台北攝影棚/b707d640cbe1.webp (25KB)
  [20/120] 拾光入夢 台北攝影棚 → img/拾光入夢-台北攝影棚/a1b543f7d568.webp (29KB)
  [21/120] 拾光入夢 台北攝影棚 → img/拾光入夢-台北攝影棚/b7b936151521.webp (44KB)
  [22/120] NANA → img/NANA/4929f83b90d0.webp (33KB)
  [23/120] NANA → img/NANA/0806bd1cb382.webp (43KB)
  [24/120] NANA → img/NANA/caa1e750b40c.webp (53KB)
  [25/120] 滴棚 Drop Pon → img/滴棚-Drop-Pon/a0b2f095dcd8.webp (30KB)
  [26/120] 滴棚 Drop Pon → img/滴棚-Drop-Pon/39f784811627.webp (8KB)
  [27/120] R-room → img/R-room/d3a632d1197c.webp (26KB)
  [28/120] R-room → img/R-room/2c7136900cae.webp (49KB)
  [29/120] R-room → img/R-room/0eb30d49d3d8.webp (51KB)
  [30/120] 貓棚 Felidae Studio → img/貓棚-Felidae-Studio/e501ef2f5402.webp (32KB)
  [31/120] 貓棚 Felidae Studio → img/貓棚-Felidae-Studio/fa918c91655d.webp (34KB)
  [32/120] 貓棚 Felidae Studio → img/貓棚-Felidae-Studio/7f487dfc22ba.webp (33KB)
  [33/120] 貓棚 Felidae Studio → img/貓棚-Felidae-Studio/42b877fc65e9.webp (27KB)
  [34/120] 有個捲攝影棚 → img/有個捲攝影棚/1f935451ab7b.webp (16KB)
  [35/120] 有個捲攝影棚 → img/有個捲攝影棚/ff85bb4c7631.webp (16KB)
  [36/120] 有個捲攝影棚 → img/有個捲攝影棚/e74a9117c628.webp (9KB)
  [37/120] 拾歲影像 → img/拾歲影像/a7fc65596760.webp (19KB)
  [38/120] 拾歲影像 → img/拾歲影像/41175f6f4168.webp (18KB)
  [39/120] 夢之島 Dream Island → img/夢之島-Dream-Island/ad3539460ae4.webp (39KB)
  [40/120] 夢之島 Dream Island → img/夢之島-Dream-Island/c5387a450f8c.webp (11KB)
  [41/120] 夢之島 Dream Island → img/夢之島-Dream-Island/c16638e23077.webp (41KB)
  [42/120] 巷子內攝影棚 → img/巷子內攝影棚/d15c4c2283c7.webp (29KB)
  [43/120] 巷子內攝影棚 → img/巷子內攝影棚/274ff12324c6.webp (36KB)
  [44/120] 巷子內攝影棚 → img/巷子內攝影棚/4a0592482878.webp (43KB)
  [45/120] MOMO+ Studio → img/MOMO-Studio/f4c9b8452a30.webp (28KB)
  [46/120] MOMO+ Studio → img/MOMO-Studio/78c7a8284fa7.webp (31KB)
  [47/120] 雲上天花板 → img/雲上天花板/0a783c7650e4.webp (14KB)
  [48/120] 雲上天花板 → img/雲上天花板/c02b8b3953f6.webp (14KB)
  [49/120] 雲上天花板 → img/雲上天花板/323b1f830183.webp (9KB)
  [50/120] JP studio 攝影工作室2.0 → img/JP-studio-攝影工作室2-0/77a9a2eed5fc.webp (49KB)
  [51/120] JP studio 攝影工作室2.0 → img/JP-studio-攝影工作室2-0/6939bf9c8e49.webp (35KB)
  [52/120] JP studio 攝影工作室2.0 → img/JP-studio-攝影工作室2-0/e72e258bb4a7.webp (31KB)
  [53/120] 射手座攝影棚 → img/射手座攝影棚/2ec6c267bc83.webp (33KB)
  [54/120] 射手座攝影棚 → img/射手座攝影棚/d7b46aa47943.webp (16KB)
  [55/120] 射手座攝影棚 → img/射手座攝影棚/ec1321ec0cf0.webp (32KB)
  [56/120] 海寓 → img/海寓/825382c656a1.webp (14KB)
  [57/120] 海寓 → img/海寓/4b6aa78d30a6.webp (12KB)
  [58/120] 海寓 → img/海寓/8d01e8922f3b.webp (29KB)
  [59/120] Binma Area 134 → img/Binma-Area-134/4a8f05403009.webp (52KB)
  [60/120] Binma Area 134 → img/Binma-Area-134/9cc54bb0cb95.webp (58KB)
  [61/120] Binma Area 134 → img/Binma-Area-134/954dc69cd469.webp (52KB)
  [62/120] 森沐影像空間 → img/森沐影像空間/aea0b2d02994.webp (14KB)
  [63/120] 森沐影像空間 → img/森沐影像空間/7531d11974a1.webp (5KB)
  [64/120] 迷幻葉子 自拍攝影館 → img/迷幻葉子-自拍攝影館/078640e06729.webp (26KB)
  [65/120] 迷幻葉子 自拍攝影館 → img/迷幻葉子-自拍攝影館/891f6f1b29c4.webp (16KB)
  [66/120] 迷幻葉子 自拍攝影館 → img/迷幻葉子-自拍攝影館/831b54ccb462.webp (19KB)
  [67/120] 影相視務所 → img/影相視務所/58fa1d934a20.webp (24KB)
  [68/120] 影相視務所 → img/影相視務所/4b4eb18c997f.webp (25KB)
  [69/120] 影相視務所 → img/影相視務所/bea70f9552c1.webp (30KB)
  [70/120] R.J.55 → img/R-J-55/07865172e9e9.webp (35KB)
  [71/120] R.J.55 → img/R-J-55/2af32633285c.webp (20KB)
  [72/120] R.J.55 → img/R-J-55/3c57ab2c06ef.webp (38KB)
  [73/120] 藍仕館 → img/藍仕館/a8628d12946a.webp (18KB)
  [74/120] 藍仕館 → img/藍仕館/73088c776202.webp (17KB)
  [75/120] 藍仕館 → img/藍仕館/1db7e7fe1f30.webp (11KB)
  [76/120] 水月町攝影棚 → img/水月町攝影棚/0a2da01536ae.webp (62KB)
  [77/120] 水月町攝影棚 → img/水月町攝影棚/424b6bc99298.webp (40KB)
  [78/120] 水月町攝影棚 → img/水月町攝影棚/f86c00bd5a07.webp (33KB)
  [79/120] 戶方 Who Found → img/戶方-Who-Found/3742c49cc95c.webp (33KB)
  [80/120] 戶方 Who Found → img/戶方-Who-Found/0334018b1392.webp (35KB)
  [81/120] 戶方 Who Found → img/戶方-Who-Found/e1b298e0a690.webp (32KB)
  [82/120] 戶方 Who Found → img/戶方-Who-Found/3d4dac20164c.webp (29KB)
  [83/120] 夢裏 → img/夢裏/84ae4dd60b42.webp (36KB)
  [84/120] 夢裏 → img/夢裏/4bd6e0207696.webp (35KB)
  [85/120] 夢裏 → img/夢裏/675bffae9390.webp (22KB)
  [86/120] 光棚 Chic Light → img/光棚-Chic-Light/73585f16d8df.webp (9KB)
  [87/120] 光棚 Chic Light → img/光棚-Chic-Light/f5fe49b21480.webp (19KB)
  [88/120] 光棚 Chic Light → img/光棚-Chic-Light/960196b34cac.webp (12KB)
  [89/120] 靜好台中攝影棚出租 → img/靜好台中攝影棚出租/f12255bddea9.webp (25KB)
  [90/120] 靜好台中攝影棚出租 → img/靜好台中攝影棚出租/81e8c8f299f7.webp (15KB)
  [91/120] 靜好台中攝影棚出租 → img/靜好台中攝影棚出租/702918f9b0c3.webp (17KB)
  [92/120] 魔女坊 Witchy House → img/魔女坊-Witchy-House/2af8df79422f.webp (24KB)
  [93/120] 魔女坊 Witchy House → img/魔女坊-Witchy-House/f28a8666c7cd.webp (30KB)
  [94/120] 魔女坊 Witchy House → img/魔女坊-Witchy-House/8f674fa7ab51.webp (16KB)
  [95/120] 森日棚 → img/森日棚/9597f7b7f52e.webp (34KB)
  [96/120] 森日棚 → img/森日棚/cff78d14ddb3.webp (8KB)
  [97/120] 森日棚 → img/森日棚/35f59270f480.webp (16KB)
  [98/120] 櫻桃平底鍋 → img/櫻桃平底鍋/14c75c5acdc2.webp (29KB)
  [99/120] 櫻桃平底鍋 → img/櫻桃平底鍋/1cdbe00ba3b4.webp (27KB)
  [100/120] 櫻桃平底鍋 → img/櫻桃平底鍋/a14ac8450a57.webp (28KB)
  [101/120] 花樓上攝影棚 → img/花樓上攝影棚/6b46f4f9f594.webp (20KB)
  [102/120] 花樓上攝影棚 → img/花樓上攝影棚/10f5589b0a8a.webp (21KB)
  [103/120] 花樓上攝影棚 → img/花樓上攝影棚/1044c597d9eb.webp (18KB)
  [104/120] 白洋攝影棚 → img/白洋攝影棚/56e7c68e3eba.webp (14KB)
  [105/120] 白洋攝影棚 → img/白洋攝影棚/4b8f1011d9c4.webp (6KB)
  [106/120] 白洋攝影棚 → img/白洋攝影棚/d06a77fc73d6.webp (23KB)
  [107/120] 嘿棚 Hey studio → img/嘿棚-Hey-studio/92f189d2ea19.webp (14KB)
  [108/120] 嘿棚 Hey studio → img/嘿棚-Hey-studio/f3c143d48dc7.webp (18KB)
  [109/120] 嘿棚 Hey studio → img/嘿棚-Hey-studio/4544d383cdf0.webp (12KB)
  [110/120] ✗ 凱茲攝影部 Keizu Studio：HTTP Error 404: Not Found
  [111/120] ✗ 凱茲攝影部 Keizu Studio：HTTP Error 404: Not Found
  [112/120] ✗ 凱茲攝影部 Keizu Studio：HTTP Error 404: Not Found
  [113/120] Orange 攝影棚 → img/Orange-攝影棚/707b95b7cae6.webp (10KB)
  [114/120] Orange 攝影棚 → img/Orange-攝影棚/2b09663997fd.webp (3KB)
  [115/120] Orange 攝影棚 → img/Orange-攝影棚/ded57e08361f.webp (17KB)
  [116/120] ✗ 曙暮光工作室：HTTP Error 404: Not Found
  [117/120] ✗ 曙暮光工作室：HTTP Error 404: Not Found
  [118/120] ✗ 曙暮光工作室：HTTP Error 404: Not Found
  [119/120] 壹捌 warehouse → img/壹捌-warehouse/984e8054208a.webp (35KB)
  [120/120] 壹捌 warehouse → img/壹捌-warehouse/310945fea2a0.webp (26KB)

完成：成功 111、失敗 9｜資料庫中已本地化 111 張
docs/img 目前 3.0 MB
docs/index.html 產生完成：363 棚 / 94 家 / 43 tag
studios.jsonl: 94 筆
rooms.jsonl: 363 筆
changes.jsonl: 3 筆
feed_seen.jsonl: 9 筆
tags.jsonl: 43 筆
To github-personal:normantaipei/tw-studio-index.git
   f16b379..63af728  main -> main
push 成功
===== 結束 =====
===== 2026-09-09 10:30:05 開始 =====
要處理 120 張…
  [1/120] 壹捌 warehouse → img/壹捌-warehouse/c7b1428f3f88.webp (18KB)
  [2/120] ✗ KAGE Studio：HTTP Error 403: Forbidden
  [3/120] ✗ KAGE Studio：HTTP Error 403: Forbidden
  [4/120] ✗ KAGE Studio：HTTP Error 403: Forbidden
  [5/120] Alicesky 愛麗絲的天空攝影基地 → img/Alicesky-愛麗絲的天空攝影基地/7f75ecb4d239.webp (45KB)
  [6/120] Alicesky 愛麗絲的天空攝影基地 → img/Alicesky-愛麗絲的天空攝影基地/c298a0882d10.webp (44KB)
  [7/120] Alicesky 愛麗絲的天空攝影基地 → img/Alicesky-愛麗絲的天空攝影基地/d2cc2e73c9c0.webp (28KB)
  [8/120] Alicesky 愛麗絲的天空攝影基地 → img/Alicesky-愛麗絲的天空攝影基地/ac70a5176857.webp (60KB)
  [9/120] Alicesky 愛麗絲的天空攝影基地 → img/Alicesky-愛麗絲的天空攝影基地/9f6c2899828c.webp (56KB)
  [10/120] Alicesky 愛麗絲的天空攝影基地 → img/Alicesky-愛麗絲的天空攝影基地/700fa6251fc1.webp (41KB)
  [11/120] Alicesky 愛麗絲的天空攝影基地 → img/Alicesky-愛麗絲的天空攝影基地/ed32d10512b5.webp (38KB)
  [12/120] Alicesky 愛麗絲的天空攝影基地 → img/Alicesky-愛麗絲的天空攝影基地/8d86ee8fbde5.webp (34KB)
  [13/120] Faser Taipei → img/Faser-Taipei/43bc6c430b73.webp (27KB)
  [14/120] Faser Taipei → img/Faser-Taipei/06364a751027.webp (21KB)
  [15/120] Faser Taipei → img/Faser-Taipei/d6caeae5f272.webp (34KB)
  [16/120] Faser Taipei → img/Faser-Taipei/3efe532ffb33.webp (32KB)
  [17/120] Faser Taipei → img/Faser-Taipei/84a1813ff76a.webp (16KB)
  [18/120] Faser Taipei → img/Faser-Taipei/d7dbfab32b9c.webp (14KB)
  [19/120] Faser Taipei → img/Faser-Taipei/219fb814e1b3.webp (48KB)
  [20/120] Faser Taipei → img/Faser-Taipei/fef408d3a4be.webp (40KB)
  [21/120] Faser Taipei → img/Faser-Taipei/7ccad28cebe0.webp (31KB)
  [22/120] 森沐影像空間 → img/森沐影像空間/a39b200ec0a2.webp (6KB)
  [23/120] 森沐影像空間 → img/森沐影像空間/7d5672bbeec8.webp (9KB)
  [24/120] 森沐影像空間 → img/森沐影像空間/2cc0e477b439.webp (8KB)
  [25/120] 森沐影像空間 → img/森沐影像空間/f13e1b346c65.webp (8KB)
  [26/120] ✗ KAGE Studio：HTTP Error 403: Forbidden
  [27/120] ✗ KAGE Studio：HTTP Error 403: Forbidden
  [28/120] R.J.55 → img/R-J-55/297fbd8b4746.webp (25KB)
  [29/120] R.J.55 → img/R-J-55/aa1a6731140e.webp (26KB)
  [30/120] R.J.55 → img/R-J-55/361220c9a3a2.webp (22KB)
  [31/120] R.J.55 → img/R-J-55/515fcddc1f79.webp (33KB)
  [32/120] R.J.55 → img/R-J-55/13bed84ff018.webp (20KB)
  [33/120] R.J.55 → img/R-J-55/86c656fdb045.webp (16KB)
  [34/120] R.J.55 → img/R-J-55/ebfac887df03.webp (13KB)
  [35/120] R.J.55 → img/R-J-55/724f60cff303.webp (25KB)
  [36/120] R.J.55 → img/R-J-55/20930a2fc45e.webp (48KB)
  [37/120] 嘿棚 Hey studio → img/嘿棚-Hey-studio/44f6c932edac.webp (9KB)
  [38/120] 嘿棚 Hey studio → img/嘿棚-Hey-studio/b2ce5b7fefb4.webp (24KB)
  [39/120] 嘿棚 Hey studio → img/嘿棚-Hey-studio/25d1425e3e34.webp (4KB)
  [40/120] 嘿棚 Hey studio → img/嘿棚-Hey-studio/64a63088c689.webp (11KB)
  [41/120] 嘿棚 Hey studio → img/嘿棚-Hey-studio/04e4b8041f9e.webp (19KB)
  [42/120] 嘿棚 Hey studio → img/嘿棚-Hey-studio/37a7e77daabd.webp (11KB)
  [43/120] 巷子內攝影棚 → img/巷子內攝影棚/dd2dc8b0bfdf.webp (36KB)
  [44/120] 巷子內攝影棚 → img/巷子內攝影棚/7c0436a54e91.webp (43KB)
  [45/120] 巷子內攝影棚 → img/巷子內攝影棚/ebe7f67946a7.webp (30KB)
  [46/120] 巷子內攝影棚 → img/巷子內攝影棚/ad1154923039.webp (31KB)
  [47/120] 巷子內攝影棚 → img/巷子內攝影棚/78111c707430.webp (36KB)
  [48/120] 巷子內攝影棚 → img/巷子內攝影棚/0f5f36b126f6.webp (36KB)
  [49/120] 巷子內攝影棚 → img/巷子內攝影棚/2999d02ead0c.webp (35KB)
  [50/120] 巷子內攝影棚 → img/巷子內攝影棚/29ce8772fa87.webp (36KB)
  [51/120] 巷子內攝影棚 → img/巷子內攝影棚/69e28a9ee3da.webp (45KB)
  [52/120] 巷子內攝影棚 → img/巷子內攝影棚/288a5a2e6ef7.webp (30KB)
  [53/120] 有個捲攝影棚 → img/有個捲攝影棚/6ffb7590715d.webp (15KB)
  [54/120] 有個捲攝影棚 → img/有個捲攝影棚/ad4904caeb63.webp (15KB)
  [55/120] 有個捲攝影棚 → img/有個捲攝影棚/080544585b56.webp (16KB)
  [56/120] 有個捲攝影棚 → img/有個捲攝影棚/bbd8502678fb.webp (12KB)
  [57/120] 有個捲攝影棚 → img/有個捲攝影棚/4e6478ac5be7.webp (22KB)
  [58/120] 有個捲攝影棚 → img/有個捲攝影棚/fc9b51429f9f.webp (3KB)
  [59/120] 有個捲攝影棚 → img/有個捲攝影棚/92c9d3c41596.webp (8KB)
  [60/120] 有個捲攝影棚 → img/有個捲攝影棚/5d99f03da3f6.webp (22KB)
  [61/120] 白洋攝影棚 → img/白洋攝影棚/db4e230d5546.webp (35KB)
  [62/120] 白洋攝影棚 → img/白洋攝影棚/65e9508dad51.webp (42KB)
  [63/120] 白洋攝影棚 → img/白洋攝影棚/27965a8d1eed.webp (50KB)
  [64/120] 白洋攝影棚 → img/白洋攝影棚/4b951da00498.webp (34KB)
  [65/120] 白洋攝影棚 → img/白洋攝影棚/fb67e69232b8.webp (16KB)
  [66/120] 白洋攝影棚 → img/白洋攝影棚/5c37fa050037.webp (21KB)
  [67/120] Frontier 實景攝影棚 → img/Frontier-實景攝影棚/6a4555880aa2.webp (34KB)
  [68/120] Frontier 實景攝影棚 → img/Frontier-實景攝影棚/5dbb93b6c109.webp (37KB)
  [69/120] Frontier 實景攝影棚 → img/Frontier-實景攝影棚/9fa826a233e8.webp (20KB)
  [70/120] Frontier 實景攝影棚 → img/Frontier-實景攝影棚/bec944786753.webp (19KB)
  [71/120] Frontier 實景攝影棚 → img/Frontier-實景攝影棚/4586fa2f1ddc.webp (23KB)
  [72/120] Frontier 實景攝影棚 → img/Frontier-實景攝影棚/7876669f8785.webp (10KB)
  [73/120] Frontier 實景攝影棚 → img/Frontier-實景攝影棚/8a883e4dc57a.webp (24KB)
  [74/120] Frontier 實景攝影棚 → img/Frontier-實景攝影棚/caa0904f6621.webp (31KB)
  [75/120] Frontier 實景攝影棚 → img/Frontier-實景攝影棚/cf6991ae0659.webp (10KB)
  [76/120] Frontier 實景攝影棚 → img/Frontier-實景攝影棚/19397baea097.webp (3KB)
  [77/120] 滴棚 Drop Pon → img/滴棚-Drop-Pon/6e19c7de753f.webp (5KB)
  [78/120] 滴棚 Drop Pon → img/滴棚-Drop-Pon/4c0fa3ed627e.webp (28KB)
  [79/120] ✗ 滴棚 Drop Pon：HTTP Error 403: Forbidden
  [80/120] ✗ 滴棚 Drop Pon：HTTP Error 403: Forbidden
  [81/120] ✗ 滴棚 Drop Pon：HTTP Error 403: Forbidden
  [82/120] Miruna攝影棚 → img/Miruna攝影棚/999057e6a16f.webp (39KB)
  [83/120] Miruna攝影棚 → img/Miruna攝影棚/f79d6ff856eb.webp (43KB)
  [84/120] Miruna攝影棚 → img/Miruna攝影棚/53f3a1e4633b.webp (44KB)
  [85/120] Miruna攝影棚 → img/Miruna攝影棚/26788bbd0504.webp (31KB)
  [86/120] Miruna攝影棚 → img/Miruna攝影棚/bfdb9219ed8a.webp (27KB)
  [87/120] 壹捌 warehouse → img/壹捌-warehouse/458e22302606.webp (35KB)
  [88/120] 壹捌 warehouse → img/壹捌-warehouse/b1cc59d8fea5.webp (26KB)
  [89/120] 壹捌 warehouse → img/壹捌-warehouse/72d50a02869d.webp (18KB)
  [90/120] 壹捌 warehouse → img/壹捌-warehouse/5e9025782926.webp (29KB)
  [91/120] 壹捌 warehouse → img/壹捌-warehouse/9c010e46ccc1.webp (28KB)
  [92/120] 壹捌 warehouse → img/壹捌-warehouse/e6abdc4f134c.webp (10KB)
  [93/120] 壹捌 warehouse → img/壹捌-warehouse/9d769d56a41a.webp (7KB)
  [94/120] 壹捌 warehouse → img/壹捌-warehouse/807d947ecec6.webp (8KB)
  [95/120] 影相視務所 → img/影相視務所/3b73a0007252.webp (30KB)
  [96/120] 影相視務所 → img/影相視務所/d8051c51f60f.webp (13KB)
  [97/120] 影相視務所 → img/影相視務所/eafce03d86a6.webp (24KB)
  [98/120] 影相視務所 → img/影相視務所/6f5cf9e86381.webp (17KB)
  [99/120] 影相視務所 → img/影相視務所/e9d747fd74cb.webp (23KB)
  [100/120] 森日棚 → img/森日棚/b8bafca30c11.webp (30KB)
  [101/120] 森日棚 → img/森日棚/f5af64af8645.webp (34KB)
  [102/120] 森日棚 → img/森日棚/1ac6333d7659.webp (26KB)
  [103/120] 森日棚 → img/森日棚/da0b71861a00.webp (15KB)
  [104/120] 森日棚 → img/森日棚/56e9d82c90aa.webp (5KB)
  [105/120] 花樓上攝影棚 → img/花樓上攝影棚/39384bd23430.webp (17KB)
  [106/120] 花樓上攝影棚 → img/花樓上攝影棚/608af856311c.webp (45KB)
  [107/120] 花樓上攝影棚 → img/花樓上攝影棚/658fc2461b26.webp (30KB)
  [108/120] 花樓上攝影棚 → img/花樓上攝影棚/b43706b48da2.webp (58KB)
  [109/120] Artwork 新莊實景攝影棚 → img/Artwork-新莊實景攝影棚/766c391d9779.webp (21KB)
  [110/120] Artwork 新莊實景攝影棚 → img/Artwork-新莊實景攝影棚/6f559c9ba535.webp (14KB)
  [111/120] Artwork 新莊實景攝影棚 → img/Artwork-新莊實景攝影棚/7116fac9da92.webp (9KB)
  [112/120] Artwork 新莊實景攝影棚 → img/Artwork-新莊實景攝影棚/ded9b61fa9ee.webp (14KB)
  [113/120] Artwork 新莊實景攝影棚 → img/Artwork-新莊實景攝影棚/bce914e15662.webp (20KB)
  [114/120] Artwork 新莊實景攝影棚 → img/Artwork-新莊實景攝影棚/2ab40edc8ed0.webp (16KB)
  [115/120] GE Studio → img/GE-Studio/760632b94a1b.webp (17KB)
  [116/120] GE Studio → img/GE-Studio/b29e416af162.webp (22KB)
  [117/120] GE Studio → img/GE-Studio/5033432f72c3.webp (8KB)
  [118/120] GE Studio → img/GE-Studio/2a5260e906ba.webp (16KB)
  [119/120] GE Studio → img/GE-Studio/b24c019805de.webp (23KB)
  [120/120] GE Studio → img/GE-Studio/b22760e996b4.webp (12KB)

完成：成功 112、失敗 8｜資料庫中已本地化 223 張
docs/img 目前 5.8 MB
docs/index.html 產生完成：392 棚 / 102 家 / 43 tag
studios.jsonl: 102 筆
rooms.jsonl: 392 筆
changes.jsonl: 18 筆
feed_seen.jsonl: 25 筆
tags.jsonl: 43 筆
To github-personal:normantaipei/tw-studio-index.git
   3f19a6f..bc6a0ca  main -> main
push 成功
===== 結束 =====
===== 2026-09-10 10:30:00 開始 =====
要處理 120 張…
  [1/120] GE Studio → img/GE-Studio/42bb6f6e20b0.webp (6KB)
  [2/120] GE Studio → img/GE-Studio/6719d4b95ab6.webp (8KB)
  [3/120] 破倉庫有租攝影棚 → img/破倉庫有租攝影棚/2600a51c8a5b.webp (21KB)
  [4/120] 破倉庫有租攝影棚 → img/破倉庫有租攝影棚/33cc7c42f315.webp (13KB)
  [5/120] 破倉庫有租攝影棚 → img/破倉庫有租攝影棚/2bbab61c074c.webp (18KB)
  [6/120] 破倉庫有租攝影棚 → img/破倉庫有租攝影棚/566fd8f762e3.webp (15KB)
  [7/120] 破倉庫有租攝影棚 → img/破倉庫有租攝影棚/3c8cef221e0b.webp (23KB)
  [8/120] Binma Area 134 → img/Binma-Area-134/446c4f7815f2.webp (51KB)
  [9/120] Binma Area 134 → img/Binma-Area-134/23cc8d2ebe3e.webp (41KB)
  [10/120] Binma Area 134 → img/Binma-Area-134/c182cae9a947.webp (52KB)
  [11/120] Binma Area 134 → img/Binma-Area-134/698d0047d11b.webp (51KB)
  [12/120] Binma Area 134 → img/Binma-Area-134/38b0c2907004.webp (47KB)
  [13/120] Binma Area 134 → img/Binma-Area-134/c1f596cb6f61.webp (35KB)
  [14/120] NANA → img/NANA/b20f283a6832.webp (45KB)
  [15/120] Studio Ethereal 實景攝影棚 → img/Studio-Ethereal-實景攝影棚/101351dbb3a7.webp (40KB)
  [16/120] Studio Ethereal 實景攝影棚 → img/Studio-Ethereal-實景攝影棚/63cd09171ee7.webp (31KB)
  [17/120] Studio Ethereal 實景攝影棚 → img/Studio-Ethereal-實景攝影棚/499b5b9dc59f.webp (22KB)
  [18/120] Studio Ethereal 實景攝影棚 → img/Studio-Ethereal-實景攝影棚/8907a46495fa.webp (39KB)
  [19/120] Studio Ethereal 實景攝影棚 → img/Studio-Ethereal-實景攝影棚/43248b7c12bb.webp (38KB)
  [20/120] 夢之島 Dream Island → img/夢之島-Dream-Island/f37d9f569c19.webp (28KB)
  [21/120] 夢之島 Dream Island → img/夢之島-Dream-Island/422dee70bcca.webp (27KB)
  [22/120] 夢之島 Dream Island → img/夢之島-Dream-Island/d80b82b14a08.webp (17KB)
  [23/120] 夢之島 Dream Island → img/夢之島-Dream-Island/99c0d5655e5f.webp (19KB)
  [24/120] 夢之島 Dream Island → img/夢之島-Dream-Island/d769ee07c2c9.webp (26KB)
  [25/120] 藍仕館 → img/藍仕館/2e154c10bc66.webp (17KB)
  [26/120] 藍仕館 → img/藍仕館/3f797053c0d9.webp (16KB)
  [27/120] 藍仕館 → img/藍仕館/4d07cd3b24c3.webp (11KB)
  [28/120] 藍仕館 → img/藍仕館/6335a479647e.webp (8KB)
  [29/120] 藍仕館 → img/藍仕館/3112f92799a0.webp (17KB)
  [30/120] 藍仕館 → img/藍仕館/9ede3c46be6b.webp (18KB)
  [31/120] 藍仕館 → img/藍仕館/ec35ecca4743.webp (14KB)
  [32/120] 藍仕館 → img/藍仕館/049e3a5866f7.webp (14KB)
  [33/120] 魔女坊 Witchy House → img/魔女坊-Witchy-House/da61b96861cd.webp (24KB)
  [34/120] 魔女坊 Witchy House → img/魔女坊-Witchy-House/b6952abc27cb.webp (17KB)
  [35/120] 魔女坊 Witchy House → img/魔女坊-Witchy-House/fc9fefe9e5e2.webp (16KB)
  [36/120] 魔女坊 Witchy House → img/魔女坊-Witchy-House/9f33836cd952.webp (16KB)
  [37/120] 魔女坊 Witchy House → img/魔女坊-Witchy-House/97cb67f7c957.webp (11KB)
  [38/120] 魔女坊 Witchy House → img/魔女坊-Witchy-House/34942f0c64ea.webp (23KB)
  [39/120] 魔女坊 Witchy House → img/魔女坊-Witchy-House/153737ba4566.webp (24KB)
  [40/120] 魔女坊 Witchy House → img/魔女坊-Witchy-House/b0383a9783c5.webp (29KB)
  [41/120] Image Park 攝影棚 → img/Image-Park-攝影棚/76071a27af12.webp (41KB)
  [42/120] Image Park 攝影棚 → img/Image-Park-攝影棚/c6f81beaa25c.webp (49KB)
  [43/120] Image Park 攝影棚 → img/Image-Park-攝影棚/09b991b572a8.webp (53KB)
  [44/120] Image Park 攝影棚 → img/Image-Park-攝影棚/d891b6fadf7d.webp (43KB)
  [45/120] Image Park 攝影棚 → img/Image-Park-攝影棚/90402f6ea6a1.webp (45KB)
  [46/120] Image Park 攝影棚 → img/Image-Park-攝影棚/3c7829e1ab7b.webp (42KB)
  [47/120] Image Park 攝影棚 → img/Image-Park-攝影棚/2451e1e53bc5.webp (50KB)
  [48/120] Image Park 攝影棚 → img/Image-Park-攝影棚/03e5b4375c94.webp (46KB)
  [49/120] Image Park 攝影棚 → img/Image-Park-攝影棚/9ab63a959ea3.webp (28KB)
  [50/120] Image Park 攝影棚 → img/Image-Park-攝影棚/4786dacf4883.webp (41KB)
  [51/120] 曉居 Xiaoju → img/曉居-Xiaoju/cb2827db13c2.webp (31KB)
  [52/120] 曉居 Xiaoju → img/曉居-Xiaoju/b6a25c9705a0.webp (47KB)
  [53/120] 曉居 Xiaoju → img/曉居-Xiaoju/062f5b30f4b3.webp (23KB)
  [54/120] 曉居 Xiaoju → img/曉居-Xiaoju/54f691d1be0e.webp (26KB)
  [55/120] 曉居 Xiaoju → img/曉居-Xiaoju/54e144f1a133.webp (20KB)
  [56/120] 曉居 Xiaoju → img/曉居-Xiaoju/902f6e57f510.webp (21KB)
  [57/120] 曉居 Xiaoju → img/曉居-Xiaoju/abe05d736507.webp (19KB)
  [58/120] 曉居 Xiaoju → img/曉居-Xiaoju/3499b82a7993.webp (20KB)
  [59/120] 曉居 Xiaoju → img/曉居-Xiaoju/9a97e9e6e3bf.webp (24KB)
  [60/120] 曉居 Xiaoju → img/曉居-Xiaoju/c6ef7285777f.webp (25KB)
  [61/120] 站前攝影棚 → img/站前攝影棚/3c5f9e8a3241.webp (47KB)
  [62/120] MOMO+ Studio → img/MOMO-Studio/cc81b4025a1c.webp (4KB)
  [63/120] MOMO+ Studio → img/MOMO-Studio/ca78f468b752.webp (29KB)
  [64/120] MOMO+ Studio → img/MOMO-Studio/41a50c1bf893.webp (41KB)
  [65/120] Blanc studio → img/Blanc-studio/f7e2c4769e80.webp (18KB)
  [66/120] Blanc studio → img/Blanc-studio/8793fed9c685.webp (17KB)
  [67/120] Blanc studio → img/Blanc-studio/0b0658e66e09.webp (17KB)
  [68/120] Blanc studio → img/Blanc-studio/00cbd4734032.webp (18KB)
  [69/120] Blanc studio → img/Blanc-studio/e3e91617d004.webp (17KB)
  [70/120] Blanc studio → img/Blanc-studio/6e348f5892eb.webp (16KB)
  [71/120] Blanc studio → img/Blanc-studio/9ca0c14f20d1.webp (9KB)
  [72/120] Blanc studio → img/Blanc-studio/0fd704cbb0e7.webp (30KB)
  [73/120] Blanc studio → img/Blanc-studio/6c9893b9832a.webp (19KB)
  [74/120] Blanc studio → img/Blanc-studio/a56bf3620448.webp (51KB)
  [75/120] Orange 攝影棚 → img/Orange-攝影棚/c62e2229d94e.webp (21KB)
  [76/120] Orange 攝影棚 → img/Orange-攝影棚/34acd55740c9.webp (33KB)
  [77/120] Orange 攝影棚 → img/Orange-攝影棚/b67f0ffcbb51.webp (22KB)
  [78/120] Orange 攝影棚 → img/Orange-攝影棚/3369959fdd1b.webp (38KB)
  [79/120] Orange 攝影棚 → img/Orange-攝影棚/6bc2626ca759.webp (17KB)
  [80/120] Orange 攝影棚 → img/Orange-攝影棚/84f7c27e91f8.webp (19KB)
  [81/120] Orange 攝影棚 → img/Orange-攝影棚/9caf73f29a30.webp (18KB)
  [82/120] 光棚 Chic Light → img/光棚-Chic-Light/d6b8ffa5845d.webp (12KB)
  [83/120] 光棚 Chic Light → img/光棚-Chic-Light/d2fe2df12821.webp (11KB)
  [84/120] 光棚 Chic Light → img/光棚-Chic-Light/aade7c1b6c2e.webp (14KB)
  [85/120] 光棚 Chic Light → img/光棚-Chic-Light/e28dc56bb0e9.webp (7KB)
  [86/120] 光棚 Chic Light → img/光棚-Chic-Light/247edb7be22b.webp (14KB)
  [87/120] 光棚 Chic Light → img/光棚-Chic-Light/38d6e5477fb8.webp (9KB)
  [88/120] 光棚 Chic Light → img/光棚-Chic-Light/2dc224a060c4.webp (13KB)
  [89/120] 光棚 Chic Light → img/光棚-Chic-Light/4a8dac265c88.webp (13KB)
  [90/120] 夢裏 → img/夢裏/17d696c08ef2.webp (25KB)
  [91/120] 夢裏 → img/夢裏/d080a35a128c.webp (45KB)
  [92/120] 夢裏 → img/夢裏/b897f584f8b9.webp (20KB)
  [93/120] 夢裏 → img/夢裏/d74a12f850ce.webp (36KB)
  [94/120] 斗室 → img/斗室/11e6d185ef6c.webp (23KB)
  [95/120] 斗室 → img/斗室/589609c9d79e.webp (13KB)
  [96/120] 斗室 → img/斗室/81883953363a.webp (18KB)
  [97/120] 斗室 → img/斗室/7f82325f52d5.webp (16KB)
  [98/120] 斗室 → img/斗室/7df456443acf.webp (8KB)
  [99/120] 斗室 → img/斗室/1e25a3e6f709.webp (16KB)
  [100/120] 斗室 → img/斗室/58b7cc75ea23.webp (23KB)
  [101/120] 斗室 → img/斗室/da44f6453ddc.webp (23KB)
  [102/120] 斗室 → img/斗室/359ab6e27507.webp (10KB)
  [103/120] 斗室 → img/斗室/d70c44408d2c.webp (13KB)
  [104/120] 水月町攝影棚 → img/水月町攝影棚/f6f6af2a715b.webp (62KB)
  [105/120] 水月町攝影棚 → img/水月町攝影棚/9597b5c4f10f.webp (40KB)
  [106/120] 水月町攝影棚 → img/水月町攝影棚/46d0759e63c8.webp (33KB)
  [107/120] 水月町攝影棚 → img/水月町攝影棚/c26665467ffd.webp (35KB)
  [108/120] 水月町攝影棚 → img/水月町攝影棚/dc9fa8ccf7b4.webp (29KB)
  [109/120] 水月町攝影棚 → img/水月町攝影棚/4bff07cd1afa.webp (35KB)
  [110/120] 水月町攝影棚 → img/水月町攝影棚/08ce259c4acd.webp (45KB)
  [111/120] 水月町攝影棚 → img/水月町攝影棚/f058bd422b7b.webp (67KB)
  [112/120] 水月町攝影棚 → img/水月町攝影棚/aa3fd47e41f4.webp (56KB)
  [113/120] 水月町攝影棚 → img/水月町攝影棚/cd066ebf1f72.webp (17KB)
  [114/120] 迷幻葉子 自拍攝影館 → img/迷幻葉子-自拍攝影館/fb607f439fe8.webp (29KB)
  [115/120] 迷幻葉子 自拍攝影館 → img/迷幻葉子-自拍攝影館/3252cfc9723d.webp (39KB)
  [116/120] 迷幻葉子 自拍攝影館 → img/迷幻葉子-自拍攝影館/2b6bc4ca8030.webp (27KB)
  [117/120] 迷幻葉子 自拍攝影館 → img/迷幻葉子-自拍攝影館/ae593943e3fb.webp (22KB)
  [118/120] 迷幻葉子 自拍攝影館 → img/迷幻葉子-自拍攝影館/54e8e03e59b4.webp (27KB)
  [119/120] 迷幻葉子 自拍攝影館 → img/迷幻葉子-自拍攝影館/6716b494d578.webp (27KB)
  [120/120] 迷幻葉子 自拍攝影館 → img/迷幻葉子-自拍攝影館/95fa3b1aa73f.webp (27KB)

完成：成功 120、失敗 0｜資料庫中已本地化 343 張
docs/img 目前 8.9 MB
docs/index.html 產生完成：399 棚 / 102 家 / 43 tag
studios.jsonl: 102 筆
rooms.jsonl: 399 筆
changes.jsonl: 26 筆
feed_seen.jsonl: 25 筆
tags.jsonl: 43 筆
fatal: Unable to create '/Users/norman/PhotoProject/攝影棚分析/.git/index.lock': File exists.

Another git process seems to be running in this repository, e.g.
an editor opened by 'git commit'. Please make sure all processes
are terminated then try again. If it still fails, a git process
may have crashed in this repository earlier:
remove the file manually to continue.
fatal: Unable to create '/Users/norman/PhotoProject/攝影棚分析/.git/index.lock': File exists.

Another git process seems to be running in this repository, e.g.
an editor opened by 'git commit'. Please make sure all processes
are terminated then try again. If it still fails, a git process
may have crashed in this repository earlier:
remove the file manually to continue.
To github-personal:normantaipei/tw-studio-index.git
   bc6a0ca..f9a5c6a  main -> main
push 成功
===== 結束 =====
